../Core/Src/main.c:109:5:main	8	static
../Core/Src/main.c:206:6:SystemClock_Config	88	static
../Core/Src/main.c:249:6:MX_CAN1_Init	8	static
../Core/Src/main.c:305:6:MX_CAN2_Init	8	static
../Core/Src/main.c:360:6:MX_USART3_UART_Init	8	static
../Core/Src/main.c:391:6:MX_GPIO_Init	48	static
../Core/Src/main.c:440:6:MX_CAN1_Setup	8	static
../Core/Src/main.c:445:6:MX_CAN2_Setup	8	static
../Core/Src/main.c:451:6:USART3_SendString	16	static
../Core/Src/main.c:458:6:PrintCANLog	40	static
../Core/Src/main.c:485:6:HAL_UART_RxCpltCallback	16	static
../Core/Src/main.c:491:6:delay	16	static
../Core/Src/main.c:500:6:Error_Handler	4	static,ignoring_inline_asm
